101.101.209.214 - - [10/Apr/2023:06:58:34 +0000] "GET /http://hubs.vevv.io:9000 HTTP/1.1" 502 157 "-" "curl/7.58.0" "-" request_time=0.116 upstream_response_time=0.001 upstream_addr=101.101.209.214:80 upstream_status=502
101.101.209.214 - - [10/Apr/2023:06:59:29 +0000] "GET /http://hubs.vevv.io:9000 HTTP/1.1" 200 12 "-" "curl/7.58.0" "-" request_time=0.119 upstream_response_time=0.002 upstream_addr=101.101.209.214:9000 upstream_status=200
101.101.209.214 - - [10/Apr/2023:06:59:33 +0000] "GET /http://hubs.vevv.io:9000 HTTP/1.1" 200 12 "-" "curl/7.58.0" "-" request_time=0.112 upstream_response_time=0.002 upstream_addr=101.101.209.214:9000 upstream_status=200
101.101.209.214 - - [10/Apr/2023:07:01:10 +0000] "GET /http://hubs.vevv.io:9000/abc123 HTTP/1.1" 200 12 "-" "curl/7.58.0" "-" request_time=0.047 upstream_response_time=0.001 upstream_addr=101.101.209.214:9000 upstream_status=200
101.101.209.214 - - [10/Apr/2023:07:01:14 +0000] "GET /http://hubs.vevv.io:9000/abc123 HTTP/1.1" 200 12 "-" "curl/7.58.0" "-" request_time=0.121 upstream_response_time=0.001 upstream_addr=101.101.209.214:9000 upstream_status=200
101.101.209.214 - - [10/Apr/2023:07:04:59 +0000] "GET /http://hubs.vevv.io:9000/abc123 HTTP/1.1" 200 12 "-" "curl/7.58.0" "-" request_time=0.154 upstream_response_time=0.002 upstream_addr=101.101.209.214:9000 upstream_status=200
101.101.209.214 - - [10/Apr/2023:07:05:44 +0000] "GET /http://hubs.vevv.io:9000/abc123?query=123 HTTP/1.1" 200 12 "-" "curl/7.58.0" "-" request_time=0.111 upstream_response_time=0.002 upstream_addr=101.101.209.214:9000 upstream_status=200
101.101.209.214 - - [10/Apr/2023:07:08:16 +0000] "GET /http://hubs.vevv.io:9000/abc123?query=123 HTTP/1.1" 200 12 "-" "curl/7.58.0" "-" request_time=0.145 upstream_response_time=0.001 upstream_addr=101.101.209.214:9000 upstream_status=200
101.101.209.214 - - [10/Apr/2023:07:13:24 +0000] "GET /http://hubs.vevv.io:9000/abc123?query=123 HTTP/1.1" 200 12 "-" "curl/7.58.0" "-" request_time=0.105 upstream_response_time=0.002 upstream_addr=101.101.209.214:9000 upstream_status=200
101.101.209.214 - - [10/Apr/2023:07:13:41 +0000] "GET /http://hubs.vevv.io:9000/abc123?query=123&test=abc HTTP/1.1" 200 12 "-" "curl/7.58.0" "-" request_time=0.146 upstream_response_time=0.001 upstream_addr=101.101.209.214:9000 upstream_status=200
101.101.209.214 - - [10/Apr/2023:07:14:23 +0000] "GET /http://hubs.vevv.io:9000/abc123?query=123&test=abc HTTP/1.1" 200 12 "-" "curl/7.58.0" "-" request_time=0.143 upstream_response_time=0.002 upstream_addr=101.101.209.214:9000 upstream_status=200
121.130.212.17 - - [10/Apr/2023:07:14:42 +0000] "GET /http://hubs.vevv.io:9000 HTTP/1.1" 200 12 "-" "Mozilla/5.0 (Macintosh; Intel Mac OS X 10_15_7) AppleWebKit/605.1.15 (KHTML, like Gecko) Version/16.4 Safari/605.1.15" "-" request_time=0.002 upstream_response_time=0.002 upstream_addr=101.101.209.214:9000 upstream_status=200
121.130.212.17 - - [10/Apr/2023:07:14:50 +0000] "GET /http://hubs.vevv.io:9090 HTTP/1.1" 502 157 "-" "Mozilla/5.0 (Macintosh; Intel Mac OS X 10_15_7) AppleWebKit/605.1.15 (KHTML, like Gecko) Version/16.4 Safari/605.1.15" "-" request_time=0.001 upstream_response_time=0.001 upstream_addr=101.101.209.214:9090 upstream_status=502
121.130.212.17 - - [10/Apr/2023:07:15:33 +0000] "GET /https://uploads-prod.reticulum.io/files/728260ab-4e8f-4052-8e1a-c7fae3492989.glb HTTP/1.1" 400 54 "https://hubs.vevv.io:9090/" "Mozilla/5.0 (Macintosh; Intel Mac OS X 10_15_7) AppleWebKit/537.36 (KHTML, like Gecko) Chrome/112.0.0.0 Safari/537.36" "-" request_time=0.057 upstream_response_time=0.010 upstream_addr=34.111.227.97:443 upstream_status=400
101.101.209.214 - - [10/Apr/2023:07:16:46 +0000] "GET /https://uploads-prod.reticulum.io/files/728260ab-4e8f-4052-8e1a-c7fae3492989.glb HTTP/1.1" 400 54 "-" "curl/7.58.0" "-" request_time=0.047 upstream_response_time=0.008 upstream_addr=34.111.227.97:443 upstream_status=400
121.130.212.17 - - [10/Apr/2023:07:20:18 +0000] "GET /https://hubs.mozilla.com/api/v1/avatars/qzmiVHw HTTP/1.1" 404 9 "https://hubs.vevv.io:4000/" "Mozilla/5.0 (Macintosh; Intel Mac OS X 10_15_7) AppleWebKit/537.36 (KHTML, like Gecko) Chrome/112.0.0.0 Safari/537.36" "-" request_time=0.712 upstream_response_time=0.660 upstream_addr=35.225.11.240:443 upstream_status=404
101.101.209.214 - - [10/Apr/2023:07:22:01 +0000] "GET /https://hubs.mozilla.com/api/v1/avatars/qzmiVHw HTTP/1.1" 404 9 "-" "curl/7.58.0" "-" request_time=0.657 upstream_response_time=0.657 upstream_addr=35.225.11.240:443 upstream_status=404
101.101.209.214 - - [10/Apr/2023:07:28:51 +0000] "GET /https://uploads-prod.reticulum.io/files/728260ab-4e8f-4052-8e1a-c7fae3492989.glb HTTP/1.1" 400 54 "-" "https://uploads-prod.reticulum.io/files/728260ab-4e8f-4052-8e1a-c7fae3492989.glb" "-" request_time=0.054 upstream_response_time=0.009 upstream_addr=34.111.227.97:443 upstream_status=400
101.101.209.214 - - [10/Apr/2023:07:29:13 +0000] "GET /https://uploads-prod.reticulum.io/files/728260ab-4e8f-4052-8e1a-c7fae3492989.glb HTTP/1.1" 400 54 "-" "https://uploads-prod.reticulum.io/files/728260ab-4e8f-4052-8e1a-c7fae3492989.glb" "-" request_time=0.012 upstream_response_time=0.012 upstream_addr=34.111.227.97:443 upstream_status=400
101.101.209.214 - - [10/Apr/2023:07:31:01 +0000] "GET /https://uploads-prod.reticulum.io:443/files/728260ab-4e8f-4052-8e1a-c7fae3492989.glb HTTP/1.1" 400 54 "-" "https://uploads-prod.reticulum.io:443/files/728260ab-4e8f-4052-8e1a-c7fae3492989.glb" "-" request_time=0.055 upstream_response_time=0.006 upstream_addr=34.111.227.97:443 upstream_status=400
101.101.209.214 - - [10/Apr/2023:07:31:16 +0000] "GET /https://uploads-prod.reticulum.io:443/files/728260ab-4e8f-4052-8e1a-c7fae3492989.glb HTTP/1.1" 400 54 "-" "https://uploads-prod.reticulum.io:443/files/728260ab-4e8f-4052-8e1a-c7fae3492989.glb" "-" request_time=0.006 upstream_response_time=0.006 upstream_addr=34.111.227.97:443 upstream_status=400
101.101.209.214 - - [10/Apr/2023:07:31:24 +0000] "GET /https://uploads-prod.reticulum.io:443/files/728260ab-4e8f-4052-8e1a-c7fae3492989.glb HTTP/1.1" 400 54 "-" "https://uploads-prod.reticulum.io:443/files/728260ab-4e8f-4052-8e1a-c7fae3492989.glb" "-" request_time=0.011 upstream_response_time=0.011 upstream_addr=34.111.227.97:443 upstream_status=400
101.101.209.214 - - [10/Apr/2023:07:32:46 +0000] "GET /https://uploads-prod.reticulum.io:443/files/728260ab-4e8f-4052-8e1a-c7fae3492989.glb HTTP/1.1" 400 54 "-" "https://uploads-prod.reticulum.io:443/files/728260ab-4e8f-4052-8e1a-c7fae3492989.glb" "-" request_time=0.004 upstream_response_time=0.004 upstream_addr=34.111.227.97:443 upstream_status=400
101.101.209.214 - - [10/Apr/2023:07:32:52 +0000] "GET /https://uploads-prod.reticulum.io:443/files/728260ab-4e8f-4052-8e1a-c7fae3492989.glb HTTP/1.1" 400 54 "-" "https://uploads-prod.reticulum.io:443/files/728260ab-4e8f-4052-8e1a-c7fae3492989.glb" "-" request_time=0.048 upstream_response_time=0.009 upstream_addr=34.111.227.97:443 upstream_status=400
101.101.209.214 - - [10/Apr/2023:07:33:57 +0000] "GET /https://uploads-prod.reticulum.io:443/files/728260ab-4e8f-4052-8e1a-c7fae3492989.glb HTTP/1.1" 400 54 "-" "https://uploads-prod.reticulum.io:443/files/728260ab-4e8f-4052-8e1a-c7fae3492989.glb" "-" request_time=0.093 upstream_response_time=0.006 upstream_addr=34.111.227.97:443 upstream_status=400
121.130.212.17 - - [10/Apr/2023:07:36:20 +0000] "GET /https://hubs.mozilla.com/api/v1/avatars/qzmiVHw HTTP/1.1" 404 9 "https://hubs.vevv.io:4000/" "https://hubs.mozilla.com/api/v1/avatars/qzmiVHw" "-" request_time=0.918 upstream_response_time=0.659 upstream_addr=35.225.11.240:443 upstream_status=404
101.101.209.214 - - [10/Apr/2023:07:39:09 +0000] "GET /https://uploads-prod.reticulum.io:443/files/728260ab-4e8f-4052-8e1a-c7fae3492989.glb HTTP/1.1" 400 54 "-" "https://uploads-prod.reticulum.io:443/files/728260ab-4e8f-4052-8e1a-c7fae3492989.glb" "-" request_time=0.057 upstream_response_time=0.009 upstream_addr=34.111.227.97:443 upstream_status=400
101.101.209.214 - - [10/Apr/2023:07:39:12 +0000] "GET /https://uploads-prod.reticulum.io:443/files/728260ab-4e8f-4052-8e1a-c7fae3492989.glb HTTP/1.1" 400 54 "-" "https://uploads-prod.reticulum.io:443/files/728260ab-4e8f-4052-8e1a-c7fae3492989.glb" "-" request_time=0.140 upstream_response_time=0.007 upstream_addr=34.111.227.97:443 upstream_status=400
121.130.212.17 - - [10/Apr/2023:07:39:25 +0000] "GET /https://hubs.mozilla.com/api/v1/avatars/qzmiVHw HTTP/1.1" 404 9 "https://hubs.vevv.io:4000/" "https://hubs.mozilla.com/api/v1/avatars/qzmiVHw" "-" request_time=0.711 upstream_response_time=0.670 upstream_addr=35.225.11.240:443 upstream_status=404
101.101.209.214 - - [10/Apr/2023:07:47:40 +0000] "GET /https://uploads-prod.reticulum.io:443/files/728260ab-4e8f-4052-8e1a-c7fae3492989.glb HTTP/1.1" 404 9 "-" "https://uploads-prod.reticulum.io:443/files/728260ab-4e8f-4052-8e1a-c7fae3492989.glb" "-" request_time=0.187 upstream_response_time=0.188 upstream_addr=34.111.227.97:443 upstream_status=404
101.101.209.214 - - [10/Apr/2023:07:47:51 +0000] "GET /https://uploads-prod.reticulum.io:443/files/728260ab-4e8f-4052-8e1a-c7fae3492989.glb HTTP/1.1" 404 9 "-" "https://uploads-prod.reticulum.io:443/files/728260ab-4e8f-4052-8e1a-c7fae3492989.glb" "-" request_time=0.008 upstream_response_time=0.008 upstream_addr=34.111.227.97:443 upstream_status=404
101.101.209.214 - - [10/Apr/2023:07:48:14 +0000] "GET /https://uploads-prod.reticulum.io:443/files/728260ab-4e8f-4052-8e1a-c7fae3492989.glb HTTP/1.1" 404 9 "-" "https://uploads-prod.reticulum.io:443/files/728260ab-4e8f-4052-8e1a-c7fae3492989.glb" "-" request_time=0.188 upstream_response_time=0.188 upstream_addr=34.111.227.97:443 upstream_status=404
101.101.209.214 - - [10/Apr/2023:07:48:28 +0000] "GET /https://uploads-prod.reticulum.io:443/files/728260ab-4e8f-4052-8e1a-c7fae3492989.glb HTTP/1.1" 404 9 "-" "https://uploads-prod.reticulum.io:443/files/728260ab-4e8f-4052-8e1a-c7fae3492989.glb" "-" request_time=0.010 upstream_response_time=0.010 upstream_addr=34.111.227.97:443 upstream_status=404
101.101.209.214 - - [10/Apr/2023:07:48:54 +0000] "GET / HTTP/1.1" 404 9 "-" "" "-" request_time=0.183 upstream_response_time=0.183 upstream_addr=34.111.227.97:443 upstream_status=404
101.101.209.214 - - [10/Apr/2023:07:49:18 +0000] "GET / HTTP/1.1" 404 9 "-" "" "-" request_time=0.014 upstream_response_time=0.014 upstream_addr=34.111.227.97:443 upstream_status=404
101.101.209.214 - - [10/Apr/2023:07:49:34 +0000] "GET / HTTP/1.1" 200 15360 "-" "" "-" request_time=0.334 upstream_response_time=0.334 upstream_addr=142.251.42.142:443 upstream_status=200
101.101.209.214 - - [10/Apr/2023:07:50:17 +0000] "GET / HTTP/1.1" 200 15360 "-" "" "-" request_time=0.324 upstream_response_time=0.323 upstream_addr=142.251.42.142:443 upstream_status=200
101.101.209.214 - - [10/Apr/2023:07:50:25 +0000] "GET / HTTP/1.1" 404 9 "-" "" "-" request_time=0.188 upstream_response_time=0.188 upstream_addr=34.111.227.97:443 upstream_status=404
101.101.209.214 - - [10/Apr/2023:07:51:42 +0000] "GET / HTTP/1.1" 404 9 "-" "" "-" request_time=0.183 upstream_response_time=0.183 upstream_addr=34.111.227.97:443 upstream_status=404
101.101.209.214 - - [10/Apr/2023:07:52:37 +0000] "GET / HTTP/1.1" 200 146408 "-" "" "-" request_time=0.014 upstream_response_time=0.014 upstream_addr=34.111.227.97:443 upstream_status=200
101.101.209.214 - - [10/Apr/2023:07:52:50 +0000] "GET / HTTP/1.1" 200 146408 "-" "" "-" request_time=0.011 upstream_response_time=0.010 upstream_addr=34.111.227.97:443 upstream_status=200
101.101.209.214 - - [10/Apr/2023:07:52:55 +0000] "GET / HTTP/1.1" 404 9 "-" "" "-" request_time=0.008 upstream_response_time=0.009 upstream_addr=34.111.227.97:443 upstream_status=404
101.101.209.214 - - [10/Apr/2023:07:53:01 +0000] "GET / HTTP/1.1" 404 9 "-" "" "-" request_time=0.188 upstream_response_time=0.188 upstream_addr=34.111.227.97:443 upstream_status=404
101.101.209.214 - - [10/Apr/2023:07:53:08 +0000] "GET / HTTP/1.1" 404 9 "-" "" "-" request_time=0.011 upstream_response_time=0.011 upstream_addr=34.111.227.97:443 upstream_status=404
101.101.209.214 - - [10/Apr/2023:07:53:13 +0000] "GET / HTTP/1.1" 200 97479 "-" "" "-" request_time=0.011 upstream_response_time=0.010 upstream_addr=34.111.227.97:443 upstream_status=200
101.101.209.214 - - [10/Apr/2023:07:53:49 +0000] "GET / HTTP/1.1" 500 177 "-" "" "-" request_time=0.000 upstream_response_time=- upstream_addr=- upstream_status=-
101.101.209.214 - - [10/Apr/2023:07:54:09 +0000] "GET /https://uploads-prod.reticulum.io:443/files/728260ab-4e8f-4052-8e1a-c7fae3492989.glb HTTP/1.1" 200 97483 "-" "https://uploads-prod.reticulum.io:443/files/728260ab-4e8f-4052-8e1a-c7fae3492989.glb" "-" request_time=0.418 upstream_response_time=0.380 upstream_addr=34.111.227.97:443 upstream_status=200
121.130.212.17 - - [10/Apr/2023:07:54:32 +0000] "GET /https://hubs.mozilla.com/api/v1/avatars/SGYLKMi HTTP/1.1" 200 803 "https://hubs.vevv.io:4000/" "https://hubs.mozilla.com/api/v1/avatars/SGYLKMi" "-" request_time=0.720 upstream_response_time=0.675 upstream_addr=35.225.11.240:443 upstream_status=200
101.101.209.214 - - [10/Apr/2023:07:55:08 +0000] "GET /https://uploads-prod.reticulum.io:443/files/728260ab-4e8f-4052-8e1a-c7fae3492989.glb HTTP/1.1" 200 97451 "-" "https://uploads-prod.reticulum.io:443/files/728260ab-4e8f-4052-8e1a-c7fae3492989.glb" "-" request_time=0.407 upstream_response_time=0.372 upstream_addr=34.111.227.97:443 upstream_status=200
121.130.212.17 - - [10/Apr/2023:07:55:21 +0000] "GET /https://hubs.mozilla.com/api/v1/avatars/SGYLKMi HTTP/1.1" 200 803 "https://hubs.vevv.io:4000/" "https://hubs.mozilla.com/api/v1/avatars/SGYLKMi" "-" request_time=0.716 upstream_response_time=0.677 upstream_addr=35.225.11.240:443 upstream_status=200
121.130.212.17 - - [10/Apr/2023:07:55:21 +0000] "GET /https://uploads-prod.reticulum.io/files/ceb6a76c-1668-4492-9f61-5d2c010821b9.png HTTP/1.1" 200 136055 "https://hubs.vevv.io:4000/" "https://uploads-prod.reticulum.io/files/ceb6a76c-1668-4492-9f61-5d2c010821b9.png" "-" request_time=0.383 upstream_response_time=0.383 upstream_addr=34.111.227.97:443 upstream_status=200
121.130.212.17 - - [10/Apr/2023:07:56:20 +0000] "GET /https://hubs.vevv.io:4000/api/v1/avatars/4c9VDPK/avatar.gltf?v=2023-04-10T07:55:34 HTTP/1.1" 200 66873 "https://hubs.vevv.io:4000/" "https://hubs.vevv.io:4000/api/v1/avatars/4c9VDPK/avatar.gltf?v=2023-04-10T07:55:34" "-" request_time=0.296 upstream_response_time=0.152 upstream_addr=101.101.209.214:4000 upstream_status=200
121.130.212.17 - - [10/Apr/2023:07:57:03 +0000] "GET /https://raw.githubusercontent.com/mozilla/hubs-cloud/master/asset-packs/gallery-scenes.pack HTTP/1.1" 200 103 "https://hubs.vevv.io:4000/" "https://raw.githubusercontent.com/mozilla/hubs-cloud/master/asset-packs/gallery-scenes.pack" "-" request_time=0.345 upstream_response_time=0.313 upstream_addr=185.199.108.133:443 upstream_status=200
121.130.212.17 - - [10/Apr/2023:07:57:44 +0000] "GET /https://hubs.mozilla.com/api/v1/scenes/4WPkYx7 HTTP/1.1" 200 1416 "https://hubs.vevv.io:4000/" "https://hubs.mozilla.com/api/v1/scenes/4WPkYx7" "-" request_time=1.097 upstream_response_time=0.689 upstream_addr=35.225.11.240:443 upstream_status=200
121.130.212.17 - - [10/Apr/2023:07:57:45 +0000] "GET /https://uploads-prod.reticulum.io/files/dc7b608c-152a-4410-a6f9-cde35f5b710c.jpg HTTP/1.1" 200 306742 "https://hubs.vevv.io:4000/" "https://uploads-prod.reticulum.io/files/dc7b608c-152a-4410-a6f9-cde35f5b710c.jpg" "-" request_time=0.512 upstream_response_time=0.409 upstream_addr=34.111.227.97:443 upstream_status=200
121.130.212.17 - - [10/Apr/2023:07:58:06 +0000] "GET /https://hubs.mozilla.com/api/v1/scenes/QrfTVAy HTTP/1.1" 200 531 "https://hubs.vevv.io:4000/" "https://hubs.mozilla.com/api/v1/scenes/QrfTVAy" "-" request_time=0.691 upstream_response_time=0.691 upstream_addr=35.225.11.240:443 upstream_status=200
121.130.212.17 - - [10/Apr/2023:07:58:06 +0000] "GET /https://uploads-prod.reticulum.io/files/42db60a2-d765-4b60-b3c4-215aedd9ca55.png HTTP/1.1" 200 318331 "https://hubs.vevv.io:4000/" "https://uploads-prod.reticulum.io/files/42db60a2-d765-4b60-b3c4-215aedd9ca55.png" "-" request_time=0.383 upstream_response_time=0.383 upstream_addr=34.111.227.97:443 upstream_status=200
121.130.212.17 - - [10/Apr/2023:07:59:09 +0000] "HEAD /https://uploads-prod.reticulum.io HTTP/1.1" 401 0 "https://hubs.vevv.io:4000/" "https://uploads-prod.reticulum.io" "-" request_time=0.193 upstream_response_time=0.193 upstream_addr=34.111.227.97:443 upstream_status=401
121.130.212.17 - - [10/Apr/2023:07:59:09 +0000] "GET /https://uploads-prod.reticulum.io/files/8cb9d7eb-a5f6-437a-887a-0b5ebd2ab8ee.png HTTP/1.1" 200 126 "https://hubs.vevv.io:4000/" "https://uploads-prod.reticulum.io/files/8cb9d7eb-a5f6-437a-887a-0b5ebd2ab8ee.png" "-" request_time=0.204 upstream_response_time=0.204 upstream_addr=34.111.227.97:443 upstream_status=200
121.130.212.17 - - [10/Apr/2023:07:59:09 +0000] "GET /https://uploads-prod.reticulum.io/files/c2acfa73-9cf7-4305-8f19-934ad94b07b3.mp3 HTTP/1.1" 206 5805453 "https://hubs.vevv.io:4000/" "https://uploads-prod.reticulum.io/files/c2acfa73-9cf7-4305-8f19-934ad94b07b3.mp3" "-" request_time=0.579 upstream_response_time=0.579 upstream_addr=34.111.227.97:443 upstream_status=206
121.130.212.17 - - [10/Apr/2023:07:59:19 +0000] "HEAD /https://www.codezartgallery.com HTTP/1.1" 404 0 "https://hubs.vevv.io:4000/" "https://www.codezartgallery.com" "-" request_time=0.777 upstream_response_time=0.744 upstream_addr=198.185.159.144:443 upstream_status=404
121.130.212.17 - - [10/Apr/2023:07:59:28 +0000] "HEAD /https://coachellavalleyweekly.com HTTP/1.1" 301 0 "https://hubs.vevv.io:4000/" "https://coachellavalleyweekly.com" "-" request_time=2.664 upstream_response_time=2.526 upstream_addr=144.208.66.246:443 upstream_status=301
121.130.212.17 - - [10/Apr/2023:07:59:37 +0000] "GET /https://uploads-prod.reticulum.io/files/728260ab-4e8f-4052-8e1a-c7fae3492989.glb HTTP/1.1" 200 4147600 "https://hubs.vevv.io:4000/" "https://uploads-prod.reticulum.io/files/728260ab-4e8f-4052-8e1a-c7fae3492989.glb" "-" request_time=0.547 upstream_response_time=0.547 upstream_addr=34.111.227.97:443 upstream_status=200
103.99.3.171 - - [10/Apr/2023:15:11:04 +0000] "\x03\x00\x00\x13\x0E\xE0\x00\x00\x00\x00\x00\x01\x00\x08\x00\x03\x00\x00\x00" 400 157 "-" "" "-" request_time=0.059 upstream_response_time=- upstream_addr=- upstream_status=-
